org/jhotdraw/action/AbstractViewAction$1.class
org/jhotdraw/action/AbstractApplicationAction$1.class
org/jhotdraw/action/window/MaximizeWindowAction.class
org/jhotdraw/action/edit/PasteAction.class
org/jhotdraw/action/window/ToggleVisibleAction.class
org/jhotdraw/action/AbstractApplicationAction.class
org/jhotdraw/action/window/FocusWindowAction$1.class
org/jhotdraw/action/window/ArrangeWindowsAction.class
org/jhotdraw/action/edit/AbstractFindAction.class
org/jhotdraw/action/edit/CutAction.class
org/jhotdraw/action/window/ToggleVisibleAction$1.class
org/jhotdraw/action/view/ToggleViewPropertyAction.class
org/jhotdraw/editor/DefaultDrawingEditor$ToolHandler.class
org/jhotdraw/action/AbstractViewAction$2.class
org/jhotdraw/action/AbstractViewAction.class
org/jhotdraw/action/edit/package-info.class
org/jhotdraw/action/edit/AbstractSelectionAction$1.class
org/jhotdraw/action/edit/DeleteAction.class
org/jhotdraw/action/view/ViewPropertyAction$1.class
org/jhotdraw/action/window/ArrangeWindowsAction$1.class
org/jhotdraw/action/window/MinimizeWindowAction.class
org/jhotdraw/action/window/FocusWindowAction.class
org/jhotdraw/action/edit/CopyAction.class
org/jhotdraw/action/edit/AbstractSelectionAction.class
org/jhotdraw/action/edit/RedoAction.class
org/jhotdraw/action/package-info.class
org/jhotdraw/action/view/package-info.class
org/jhotdraw/action/edit/UndoAction.class
org/jhotdraw/action/view/ToggleViewPropertyAction$1.class
org/jhotdraw/editor/DefaultDrawingEditor.class
org/jhotdraw/action/window/ToggleToolBarAction.class
org/jhotdraw/action/edit/UndoAction$1.class
org/jhotdraw/action/edit/RedoAction$1.class
org/jhotdraw/action/edit/DeleteAction$1.class
org/jhotdraw/action/edit/DuplicateAction.class
org/jhotdraw/action/window/package-info.class
org/jhotdraw/action/window/ToggleToolBarAction$1.class
org/jhotdraw/editor/DefaultDrawingEditor$1.class
org/jhotdraw/action/edit/ClearSelectionAction.class
org/jhotdraw/action/edit/RemoveAction.class
org/jhotdraw/action/view/ViewPropertyAction.class
org/jhotdraw/action/edit/SelectAllAction.class
