/home/andrei/Documents/jhotdraw/jhotdraw-actions/src/main/java/org/jhotdraw/action/AbstractApplicationAction.java
/home/andrei/Documents/jhotdraw/jhotdraw-actions/src/main/java/org/jhotdraw/action/AbstractViewAction.java
/home/andrei/Documents/jhotdraw/jhotdraw-actions/src/main/java/org/jhotdraw/action/edit/AbstractFindAction.java
/home/andrei/Documents/jhotdraw/jhotdraw-actions/src/main/java/org/jhotdraw/action/edit/AbstractSelectionAction.java
/home/andrei/Documents/jhotdraw/jhotdraw-actions/src/main/java/org/jhotdraw/action/edit/ClearSelectionAction.java
/home/andrei/Documents/jhotdraw/jhotdraw-actions/src/main/java/org/jhotdraw/action/edit/CopyAction.java
/home/andrei/Documents/jhotdraw/jhotdraw-actions/src/main/java/org/jhotdraw/action/edit/CutAction.java
/home/andrei/Documents/jhotdraw/jhotdraw-actions/src/main/java/org/jhotdraw/action/edit/DeleteAction.java
/home/andrei/Documents/jhotdraw/jhotdraw-actions/src/main/java/org/jhotdraw/action/edit/DuplicateAction.java
/home/andrei/Documents/jhotdraw/jhotdraw-actions/src/main/java/org/jhotdraw/action/edit/PasteAction.java
/home/andrei/Documents/jhotdraw/jhotdraw-actions/src/main/java/org/jhotdraw/action/edit/RedoAction.java
/home/andrei/Documents/jhotdraw/jhotdraw-actions/src/main/java/org/jhotdraw/action/edit/RemoveAction.java
/home/andrei/Documents/jhotdraw/jhotdraw-actions/src/main/java/org/jhotdraw/action/edit/SelectAllAction.java
/home/andrei/Documents/jhotdraw/jhotdraw-actions/src/main/java/org/jhotdraw/action/edit/UndoAction.java
/home/andrei/Documents/jhotdraw/jhotdraw-actions/src/main/java/org/jhotdraw/action/edit/package-info.java
/home/andrei/Documents/jhotdraw/jhotdraw-actions/src/main/java/org/jhotdraw/action/package-info.java
/home/andrei/Documents/jhotdraw/jhotdraw-actions/src/main/java/org/jhotdraw/action/view/ToggleViewPropertyAction.java
/home/andrei/Documents/jhotdraw/jhotdraw-actions/src/main/java/org/jhotdraw/action/view/ViewPropertyAction.java
/home/andrei/Documents/jhotdraw/jhotdraw-actions/src/main/java/org/jhotdraw/action/view/package-info.java
/home/andrei/Documents/jhotdraw/jhotdraw-actions/src/main/java/org/jhotdraw/action/window/ArrangeWindowsAction.java
/home/andrei/Documents/jhotdraw/jhotdraw-actions/src/main/java/org/jhotdraw/action/window/FocusWindowAction.java
/home/andrei/Documents/jhotdraw/jhotdraw-actions/src/main/java/org/jhotdraw/action/window/MaximizeWindowAction.java
/home/andrei/Documents/jhotdraw/jhotdraw-actions/src/main/java/org/jhotdraw/action/window/MinimizeWindowAction.java
/home/andrei/Documents/jhotdraw/jhotdraw-actions/src/main/java/org/jhotdraw/action/window/ToggleToolBarAction.java
/home/andrei/Documents/jhotdraw/jhotdraw-actions/src/main/java/org/jhotdraw/action/window/ToggleVisibleAction.java
/home/andrei/Documents/jhotdraw/jhotdraw-actions/src/main/java/org/jhotdraw/action/window/package-info.java
/home/andrei/Documents/jhotdraw/jhotdraw-actions/src/main/java/org/jhotdraw/editor/DefaultDrawingEditor.java
