org/jhotdraw/draw/event/AbstractAttributeEditorHandler$UndoableAttributeEdit.class
org/jhotdraw/draw/handle/ConnectionEndHandle.class
org/jhotdraw/draw/handle/ResizeHandleKit$SouthHandle.class
org/jhotdraw/draw/handle/BezierScaleHandle.class
org/jhotdraw/draw/DefaultDrawingView$4.class
org/jhotdraw/draw/action/DrawingColorChooserAction.class
org/jhotdraw/draw/action/DefaultAttributeAction$1.class
org/jhotdraw/draw/figure/AttributeProvider.class
org/jhotdraw/draw/handle/CloseHandle.class
org/jhotdraw/draw/DelegatorDrawingView.class
org/jhotdraw/draw/figure/TextFigure.class
org/jhotdraw/draw/handle/ResizeHandleKit$ResizeHandle.class
org/jhotdraw/draw/action/DefaultAttributeAction.class
org/jhotdraw/draw/handle/TrackingHandle$1.class
org/jhotdraw/draw/tool/AbstractTool.class
org/jhotdraw/draw/event/TransformRestoreEdit.class
org/jhotdraw/draw/handle/BezierControlPointHandle.class
org/jhotdraw/draw/action/AlignAction$South.class
org/jhotdraw/draw/handle/ResizeHandleKit$WestHandle.class
org/jhotdraw/draw/action/AbstractDrawingViewAction$EventHandler.class
org/jhotdraw/draw/locator/AbstractLocator.class
org/jhotdraw/draw/handle/TransformHandleKit$EastHandle.class
org/jhotdraw/draw/action/IncreaseHandleDetailLevelAction.class
org/jhotdraw/draw/AbstractDrawingView$4.class
org/jhotdraw/draw/connector/Connector.class
org/jhotdraw/draw/DefaultDrawingViewBeanInfo.class
org/jhotdraw/draw/liner/CurvedLiner.class
org/jhotdraw/draw/connector/package-info.class
org/jhotdraw/draw/io/DefaultDrawingViewTransferHandler$1.class
org/jhotdraw/draw/figure/TriangleFigure.class
org/jhotdraw/draw/handle/Handle.class
org/jhotdraw/draw/io/OutputFormat.class
org/jhotdraw/draw/handle/ResizeHandleKit$NorthHandle.class
org/jhotdraw/draw/handle/RotateHandle.class
org/jhotdraw/draw/AbstractDrawingView.class
org/jhotdraw/draw/tool/TextAreaEditingTool$1.class
org/jhotdraw/draw/connector/LocatorConnector.class
org/jhotdraw/draw/event/HandleMulticaster.class
org/jhotdraw/draw/tool/BezierTool.class
org/jhotdraw/draw/connector/ChopEllipseConnector.class
org/jhotdraw/draw/handle/DragHandle.class
org/jhotdraw/draw/figure/ListFigure.class
org/jhotdraw/draw/layouter/LocatorLayouter$LocatorLayouterFirstFigure.class
org/jhotdraw/draw/event/SelectionComponentRepainter.class
org/jhotdraw/draw/event/SelectionComponentDisplayer.class
org/jhotdraw/draw/action/AbstractDrawingViewAction.class
org/jhotdraw/draw/DrawingEditorProxy$Forwarder.class
org/jhotdraw/draw/handle/TransformHandleKit$SouthEastHandle.class
org/jhotdraw/draw/decoration/CompositeLineDecoration.class
org/jhotdraw/draw/handle/BezierOutlineHandle.class
org/jhotdraw/draw/handle/ConnectorHandle$1.class
org/jhotdraw/draw/figure/AbstractAttributedCompositeFigure.class
org/jhotdraw/draw/handle/ConnectionStartHandle.class
org/jhotdraw/draw/AttributeKeys$Alignment.class
org/jhotdraw/draw/event/ToolAdapter.class
org/jhotdraw/draw/figure/TextAreaFigure$1.class
org/jhotdraw/draw/io/DrawingViewProvider.class
org/jhotdraw/draw/figure/TextAreaFigure.class
org/jhotdraw/draw/tool/ConnectionTool$1.class
org/jhotdraw/draw/handle/ResizeHandleKit$SouthEastHandle.class
org/jhotdraw/draw/connector/ChopRoundRectangleConnector.class
org/jhotdraw/draw/constrainer/AbstractCoordinateConstrainerExtension.class
org/jhotdraw/draw/action/AttributeAction$1.class
org/jhotdraw/draw/layouter/VerticalLayouter$1.class
org/jhotdraw/draw/event/AttributeChangeEdit.class
org/jhotdraw/draw/handle/BezierNodeHandle.class
org/jhotdraw/draw/locator/LinearLabelLocator.class
org/jhotdraw/draw/tool/TextAreaCreationTool$1.class
org/jhotdraw/draw/figure/AbstractAttributedFigure.class
org/jhotdraw/draw/action/SelectionColorChooserAction.class
org/jhotdraw/draw/AbstractDrawing.class
org/jhotdraw/draw/figure/LineConnectionFigure$ConnectionHandler.class
org/jhotdraw/draw/action/AbstractDrawingEditorAction.class
org/jhotdraw/draw/action/MoveConstrainedAction$1.class
org/jhotdraw/draw/figure/BezierFigure.class
org/jhotdraw/draw/event/DrawingAttributeEditorHandler.class
org/jhotdraw/draw/action/SendToBackAction$1.class
org/jhotdraw/draw/event/TransformEdit.class
org/jhotdraw/draw/handle/OrientationHandle.class
org/jhotdraw/draw/action/AlignAction.class
org/jhotdraw/draw/connector/ChopBezierConnector.class
org/jhotdraw/draw/figure/GraphicalCompositeFigure$1.class
org/jhotdraw/draw/connector/ChopDiamondConnector$1.class
org/jhotdraw/draw/AbstractDrawingView$2.class
org/jhotdraw/draw/event/TrackingEdit.class
org/jhotdraw/draw/event/HandleListener.class
org/jhotdraw/draw/action/MoveConstrainedAction.class
org/jhotdraw/draw/handle/HandleAttributeKeys.class
org/jhotdraw/draw/DefaultDrawingView$1.class
org/jhotdraw/draw/tool/CreationTool$1.class
org/jhotdraw/draw/action/BringToFrontAction.class
org/jhotdraw/draw/figure/Rotation.class
org/jhotdraw/draw/action/MoveConstrainedAction$South.class
org/jhotdraw/draw/QuadTreeDrawing$QuadTreeEventHandler.class
org/jhotdraw/draw/figure/QuadTreeCompositeFigure$FigureHandler.class
org/jhotdraw/draw/handle/ResizeHandleKit$EastHandle.class
org/jhotdraw/draw/action/DrawingColorChooserHandler.class
org/jhotdraw/draw/event/CompositeFigureEdit.class
org/jhotdraw/draw/event/FigureAttributeEditorHandler.class
org/jhotdraw/draw/DrawingEditorProxy.class
org/jhotdraw/draw/tool/BezierTool$1.class
org/jhotdraw/draw/AttributeKeys$StrokePlacement.class
org/jhotdraw/draw/handle/TrackingHandle.class
org/jhotdraw/draw/constrainer/GridConstrainer.class
org/jhotdraw/draw/connector/ChopDiamondConnector.class
org/jhotdraw/draw/tool/DefaultHandleTracker$EventHandler.class
org/jhotdraw/draw/action/MoveAction$East.class
org/jhotdraw/draw/event/DrawingListenerAdapter.class
org/jhotdraw/draw/locator/BezierPointLocator.class
org/jhotdraw/draw/connector/ChopTriangleConnector.class
org/jhotdraw/draw/io/DefaultDrawingViewTransferHandler.class
org/jhotdraw/draw/event/DrawingComponentRepainter.class
org/jhotdraw/draw/action/SelectSameAction.class
org/jhotdraw/draw/AttributeKeys$ScaleProvider.class
org/jhotdraw/draw/tool/DefaultSelectAreaTracker.class
org/jhotdraw/draw/tool/package-info.class
org/jhotdraw/draw/decoration/PerpendicularBar.class
org/jhotdraw/draw/event/BezierNodeEdit.class
org/jhotdraw/draw/layouter/Layouter.class
org/jhotdraw/draw/action/MoveConstrainedAction$North.class
org/jhotdraw/draw/handle/AbstractConnectionHandle.class
org/jhotdraw/draw/decoration/LineDecoration.class
org/jhotdraw/draw/event/FigureSelectionEvent.class
org/jhotdraw/draw/DefaultDrawingView$2.class
org/jhotdraw/draw/figure/TextHolderFigure.class
org/jhotdraw/draw/handle/BezierNodeHandle$2.class
org/jhotdraw/draw/constrainer/RotationDirection.class
org/jhotdraw/draw/print/package-info.class
org/jhotdraw/draw/text/package-info.class
org/jhotdraw/draw/AttributeKeys$Underfill.class
org/jhotdraw/draw/locator/FontSizeLocator.class
org/jhotdraw/draw/io/DefaultDrawingViewTransferHandler$3$1.class
org/jhotdraw/draw/tool/DefaultHandleTracker.class
org/jhotdraw/draw/action/MoveConstrainedAction$East.class
org/jhotdraw/draw/print/DrawingPageable.class
org/jhotdraw/draw/handle/AbstractHandle$1.class
org/jhotdraw/draw/AbstractDrawing$EventHandler.class
org/jhotdraw/draw/liner/package-info.class
org/jhotdraw/draw/action/AlignAction$Horizontal.class
org/jhotdraw/draw/handle/TransformHandleKit$NorthWestHandle.class
org/jhotdraw/draw/handle/ResizeHandleKit.class
org/jhotdraw/draw/handle/BoundsOutlineHandle.class
org/jhotdraw/draw/handle/ConnectorHandle.class
org/jhotdraw/draw/tool/HandleTracker.class
org/jhotdraw/draw/connector/ChopRectangleConnector.class
org/jhotdraw/draw/figure/TextFigure$1.class
org/jhotdraw/draw/tool/ImageTool$1.class
org/jhotdraw/draw/connector/ChopEllipseConnector$1.class
org/jhotdraw/draw/figure/Figure.class
org/jhotdraw/draw/figure/AbstractAttributedDecoratedFigure.class
org/jhotdraw/draw/handle/BezierNodeHandle$3.class
org/jhotdraw/draw/text/FloatingTextField.class
org/jhotdraw/draw/tool/SelectionTool$TrackerHandler.class
org/jhotdraw/draw/figure/TriangleFigure$1.class
org/jhotdraw/draw/handle/TransformHandleKit$TransformHandle.class
org/jhotdraw/draw/action/DrawingAttributeAction.class
org/jhotdraw/draw/decoration/GeneralPathTip.class
org/jhotdraw/draw/handle/TextOverflowHandle.class
org/jhotdraw/draw/action/AlignAction$East.class
org/jhotdraw/draw/constrainer/CoordinateData.class
org/jhotdraw/draw/figure/LabelFigure$1.class
org/jhotdraw/draw/figure/EllipseFigure.class
org/jhotdraw/draw/handle/TransformHandleKit.class
org/jhotdraw/draw/figure/Attributes.class
org/jhotdraw/draw/io/package-info.class
org/jhotdraw/draw/event/DrawingListener.class
org/jhotdraw/draw/tool/DnDTracker.class
org/jhotdraw/draw/handle/NullHandle.class
org/jhotdraw/draw/locator/RelativeLocator.class
org/jhotdraw/draw/AttributeKeys$Orientation.class
org/jhotdraw/draw/handle/TransformHandleKit$SouthHandle.class
org/jhotdraw/draw/action/SendToBackAction.class
org/jhotdraw/draw/handle/ResizeHandleKit$NorthWestHandle.class
org/jhotdraw/draw/constrainer/TranslationDirection.class
org/jhotdraw/draw/figure/LabeledLineConnectionFigure.class
org/jhotdraw/draw/figure/Path2DFigure.class
org/jhotdraw/draw/figure/ConnectionFigure.class
org/jhotdraw/draw/AbstractDrawingView$3.class
org/jhotdraw/draw/handle/BezierNodeHandle$1.class
org/jhotdraw/draw/handle/TransformHandleKit$NorthHandle.class
org/jhotdraw/draw/tool/Tool.class
org/jhotdraw/draw/action/package-info.class
org/jhotdraw/draw/handle/AbstractHandle.class
org/jhotdraw/draw/layouter/LocatorLayouter.class
org/jhotdraw/draw/action/SelectionColorChooserHandler$1.class
org/jhotdraw/draw/action/AttributeAction.class
org/jhotdraw/draw/action/GroupAction$2.class
org/jhotdraw/draw/DefaultDrawing.class
org/jhotdraw/draw/print/DrawingPageable$1.class
org/jhotdraw/draw/DefaultDrawingView$3.class
org/jhotdraw/draw/action/AlignAction$North.class
org/jhotdraw/draw/package-info.class
org/jhotdraw/draw/liner/Liner.class
org/jhotdraw/draw/event/FigureCreatedEvent.class
org/jhotdraw/draw/figure/RectangleFigure.class
org/jhotdraw/draw/connector/StickyRectangleConnector.class
org/jhotdraw/draw/QuadTreeDrawing.class
org/jhotdraw/draw/liner/SlantedLiner.class
org/jhotdraw/draw/action/ZoomEditorAction.class
org/jhotdraw/draw/layouter/HorizontalLayouter.class
org/jhotdraw/draw/action/ColorIcon.class
org/jhotdraw/draw/figure/ImageFigure.class
org/jhotdraw/draw/tool/DelegationSelectionTool.class
org/jhotdraw/draw/decoration/AbstractLineDecoration.class
org/jhotdraw/draw/handle/BezierControlPointHandle$1.class
org/jhotdraw/draw/action/SelectionColorIcon.class
org/jhotdraw/draw/DefaultDrawingView.class
org/jhotdraw/draw/action/DrawingColorChooserHandler$1.class
org/jhotdraw/draw/event/FigureListenerAdapter.class
org/jhotdraw/draw/tool/ConnectionTool.class
org/jhotdraw/draw/action/StrokeIcon.class
org/jhotdraw/draw/action/PickAttributesAction.class
org/jhotdraw/draw/event/DrawingEvent.class
org/jhotdraw/draw/tool/TextCreationTool$1.class
org/jhotdraw/draw/connector/ChopRectangleConnector$1.class
org/jhotdraw/draw/event/CompositeFigureEvent.class
org/jhotdraw/draw/figure/AbstractAttributedCompositeFigure$EventHandler.class
org/jhotdraw/draw/event/ToolListener.class
org/jhotdraw/draw/text/FloatingTextArea$1.class
org/jhotdraw/draw/figure/Attributes$AttributeListener.class
org/jhotdraw/draw/action/GroupAction.class
org/jhotdraw/draw/AttributeKeys$WindingRule.class
org/jhotdraw/draw/layouter/VerticalLayouter.class
org/jhotdraw/draw/DefaultDrawingView$EventHandler.class
org/jhotdraw/draw/action/DrawingAttributeAction$1.class
org/jhotdraw/draw/layouter/package-info.class
org/jhotdraw/draw/locator/Locator$Position.class
org/jhotdraw/draw/figure/LineFigure$1.class
org/jhotdraw/draw/tool/TextCreationTool.class
org/jhotdraw/draw/figure/GroupFigure.class
org/jhotdraw/draw/layouter/AbstractLayouter.class
org/jhotdraw/draw/handle/OrientationHandle$1.class
org/jhotdraw/draw/AttributeKeys$StrokeType.class
org/jhotdraw/draw/decoration/package-info.class
org/jhotdraw/draw/Drawing.class
org/jhotdraw/draw/constrainer/CoordinateDataReceiver.class
org/jhotdraw/draw/action/MoveAction$West.class
org/jhotdraw/draw/AbstractDrawingView$1.class
org/jhotdraw/draw/locator/package-info.class
org/jhotdraw/draw/action/EditorColorChooserAction.class
org/jhotdraw/draw/handle/ResizeHandleKit$SouthWestHandle.class
org/jhotdraw/draw/tool/DefaultDragTracker.class
org/jhotdraw/draw/action/ApplyAttributesAction.class
org/jhotdraw/draw/action/ImageBevelBorder.class
org/jhotdraw/draw/decoration/ArrowTip.class
org/jhotdraw/draw/event/CompositeFigureListener.class
org/jhotdraw/draw/connector/ChopRoundRectangleConnector$1.class
org/jhotdraw/draw/figure/CompositeFigure.class
org/jhotdraw/draw/handle/TransformHandleKit$SouthWestHandle.class
org/jhotdraw/draw/event/FigureEvent.class
org/jhotdraw/draw/AttributeKeys.class
org/jhotdraw/draw/tool/SelectionTool.class
org/jhotdraw/draw/action/ToggleGridAction.class
org/jhotdraw/draw/action/AbstractDrawingEditorAction$EventHandler.class
org/jhotdraw/draw/handle/FontSizeHandle$2.class
org/jhotdraw/draw/figure/BezierFigure$1.class
org/jhotdraw/draw/event/ToolEvent.class
org/jhotdraw/draw/AttributeKey.class
org/jhotdraw/draw/action/AbstractSelectedAction$EventHandler.class
org/jhotdraw/draw/figure/LineConnectionFigure.class
org/jhotdraw/draw/handle/TransformHandleKit$WestHandle.class
org/jhotdraw/draw/locator/LinearLocatorBase.class
org/jhotdraw/draw/event/package-info.class
org/jhotdraw/draw/AbstractDrawingView$EventHandler.class
org/jhotdraw/draw/AttributeKey$1.class
org/jhotdraw/draw/text/FloatingTextField$1.class
org/jhotdraw/draw/event/AbstractAttributeEditorHandler.class
org/jhotdraw/draw/figure/GraphicalCompositeFigure$PresentationFigureHandler.class
org/jhotdraw/draw/action/SelectionColorChooserHandler.class
org/jhotdraw/draw/tool/TextAreaCreationTool.class
org/jhotdraw/draw/tool/ImageTool.class
org/jhotdraw/draw/action/DrawingColorIcon.class
org/jhotdraw/draw/figure/GraphicalCompositeFigure.class
org/jhotdraw/draw/constrainer/CoordinateDataRangeProvider.class
org/jhotdraw/draw/figure/QuadTreeCompositeFigure.class
org/jhotdraw/draw/constrainer/GridConstrainer$1.class
org/jhotdraw/draw/constrainer/AbstractConstrainer.class
org/jhotdraw/draw/locator/RelativeDecoratorLocator.class
org/jhotdraw/draw/connector/AbstractConnector.class
org/jhotdraw/draw/tool/CreationTool.class
org/jhotdraw/draw/layouter/HorizontalLayouter$1.class
org/jhotdraw/draw/locator/BezierLabelLocator.class
org/jhotdraw/draw/action/ZoomAction$1.class
org/jhotdraw/draw/figure/LabelFigure.class
org/jhotdraw/draw/handle/AbstractRotateHandle.class
org/jhotdraw/draw/event/AbstractAttributeEditorHandler$EventHandler.class
org/jhotdraw/draw/action/BringToFrontAction$1.class
org/jhotdraw/draw/event/FigureListener.class
org/jhotdraw/draw/handle/MoveHandle.class
org/jhotdraw/draw/action/AlignAction$West.class
org/jhotdraw/draw/action/ZoomAction.class
org/jhotdraw/draw/handle/FontSizeHandle.class
org/jhotdraw/draw/handle/LocatorHandle.class
org/jhotdraw/draw/tool/SelectAreaTracker.class
org/jhotdraw/draw/figure/DiamondFigure.class
org/jhotdraw/draw/constrainer/Constrainer.class
org/jhotdraw/draw/tool/TextEditingTool$1.class
org/jhotdraw/draw/figure/LabeledLineConnectionFigure$ChildHandler.class
org/jhotdraw/draw/action/AttributeToggler$1.class
org/jhotdraw/draw/action/MoveConstrainedAction$West.class
org/jhotdraw/draw/figure/DecoratedFigure.class
org/jhotdraw/draw/io/InputFormat.class
org/jhotdraw/draw/io/DefaultDrawingViewTransferHandler$DragHandler.class
org/jhotdraw/draw/action/AbstractSelectedAction.class
org/jhotdraw/draw/action/AlignAction$Vertical.class
org/jhotdraw/draw/locator/Locator.class
org/jhotdraw/draw/handle/package-info.class
org/jhotdraw/draw/constrainer/CoordinateDataSupplier.class
org/jhotdraw/draw/action/GroupAction$1.class
org/jhotdraw/draw/io/DefaultDrawingViewTransferHandler$2.class
org/jhotdraw/draw/text/FloatingTextArea.class
org/jhotdraw/draw/action/MoveAction$South.class
org/jhotdraw/draw/io/DefaultDrawingViewTransferHandler$5.class
org/jhotdraw/draw/tool/TextEditingTool.class
org/jhotdraw/draw/handle/RoundRectangleRadiusHandle.class
org/jhotdraw/draw/handle/FontSizeHandle$1.class
org/jhotdraw/draw/event/HandleEvent.class
org/jhotdraw/draw/handle/TransformHandleKit$NorthEastHandle.class
org/jhotdraw/draw/action/AttributeToggler.class
org/jhotdraw/draw/action/EditorColorIcon.class
org/jhotdraw/draw/figure/LineFigure.class
org/jhotdraw/draw/action/UngroupAction.class
org/jhotdraw/draw/event/SetBoundsEdit.class
org/jhotdraw/draw/liner/ElbowLiner.class
org/jhotdraw/draw/io/DefaultDrawingViewTransferHandler$SwingDragGestureRecognizer.class
org/jhotdraw/draw/tool/DragTracker.class
org/jhotdraw/draw/io/DefaultDrawingViewTransferHandler$4.class
org/jhotdraw/draw/action/LineDecorationIcon.class
org/jhotdraw/draw/action/MoveAction$North.class
org/jhotdraw/draw/figure/RoundRectangleFigure.class
org/jhotdraw/draw/action/MoveAction.class
org/jhotdraw/draw/figure/Origin.class
org/jhotdraw/draw/DrawingView.class
org/jhotdraw/draw/event/FigureSelectionListener.class
org/jhotdraw/draw/figure/LineConnectionFigure$1.class
org/jhotdraw/draw/DrawingEditor.class
org/jhotdraw/draw/io/DefaultDrawingViewTransferHandler$3.class
org/jhotdraw/draw/figure/ImageHolderFigure.class
org/jhotdraw/draw/tool/TextAreaEditingTool.class
org/jhotdraw/draw/tool/DelegationSelectionTool$1.class
org/jhotdraw/draw/handle/ResizeHandleKit$NorthEastHandle.class
