/home/andrei/Documents/jhotdraw/jhotdraw-core/src/main/java/org/jhotdraw/draw/AbstractDrawing.java
/home/andrei/Documents/jhotdraw/jhotdraw-core/src/main/java/org/jhotdraw/draw/AbstractDrawingView.java
/home/andrei/Documents/jhotdraw/jhotdraw-core/src/main/java/org/jhotdraw/draw/AttributeKey.java
/home/andrei/Documents/jhotdraw/jhotdraw-core/src/main/java/org/jhotdraw/draw/AttributeKeys.java
/home/andrei/Documents/jhotdraw/jhotdraw-core/src/main/java/org/jhotdraw/draw/DefaultDrawing.java
/home/andrei/Documents/jhotdraw/jhotdraw-core/src/main/java/org/jhotdraw/draw/DefaultDrawingView.java
/home/andrei/Documents/jhotdraw/jhotdraw-core/src/main/java/org/jhotdraw/draw/DefaultDrawingViewBeanInfo.java
/home/andrei/Documents/jhotdraw/jhotdraw-core/src/main/java/org/jhotdraw/draw/DelegatorDrawingView.java
/home/andrei/Documents/jhotdraw/jhotdraw-core/src/main/java/org/jhotdraw/draw/Drawing.java
/home/andrei/Documents/jhotdraw/jhotdraw-core/src/main/java/org/jhotdraw/draw/DrawingEditor.java
/home/andrei/Documents/jhotdraw/jhotdraw-core/src/main/java/org/jhotdraw/draw/DrawingEditorProxy.java
/home/andrei/Documents/jhotdraw/jhotdraw-core/src/main/java/org/jhotdraw/draw/DrawingView.java
/home/andrei/Documents/jhotdraw/jhotdraw-core/src/main/java/org/jhotdraw/draw/QuadTreeDrawing.java
/home/andrei/Documents/jhotdraw/jhotdraw-core/src/main/java/org/jhotdraw/draw/action/AbstractDrawingEditorAction.java
/home/andrei/Documents/jhotdraw/jhotdraw-core/src/main/java/org/jhotdraw/draw/action/AbstractDrawingViewAction.java
/home/andrei/Documents/jhotdraw/jhotdraw-core/src/main/java/org/jhotdraw/draw/action/AbstractSelectedAction.java
/home/andrei/Documents/jhotdraw/jhotdraw-core/src/main/java/org/jhotdraw/draw/action/AlignAction.java
/home/andrei/Documents/jhotdraw/jhotdraw-core/src/main/java/org/jhotdraw/draw/action/ApplyAttributesAction.java
/home/andrei/Documents/jhotdraw/jhotdraw-core/src/main/java/org/jhotdraw/draw/action/AttributeAction.java
/home/andrei/Documents/jhotdraw/jhotdraw-core/src/main/java/org/jhotdraw/draw/action/AttributeToggler.java
/home/andrei/Documents/jhotdraw/jhotdraw-core/src/main/java/org/jhotdraw/draw/action/BringToFrontAction.java
/home/andrei/Documents/jhotdraw/jhotdraw-core/src/main/java/org/jhotdraw/draw/action/ColorIcon.java
/home/andrei/Documents/jhotdraw/jhotdraw-core/src/main/java/org/jhotdraw/draw/action/DefaultAttributeAction.java
/home/andrei/Documents/jhotdraw/jhotdraw-core/src/main/java/org/jhotdraw/draw/action/DrawingAttributeAction.java
/home/andrei/Documents/jhotdraw/jhotdraw-core/src/main/java/org/jhotdraw/draw/action/DrawingColorChooserAction.java
/home/andrei/Documents/jhotdraw/jhotdraw-core/src/main/java/org/jhotdraw/draw/action/DrawingColorChooserHandler.java
/home/andrei/Documents/jhotdraw/jhotdraw-core/src/main/java/org/jhotdraw/draw/action/DrawingColorIcon.java
/home/andrei/Documents/jhotdraw/jhotdraw-core/src/main/java/org/jhotdraw/draw/action/EditorColorChooserAction.java
/home/andrei/Documents/jhotdraw/jhotdraw-core/src/main/java/org/jhotdraw/draw/action/EditorColorIcon.java
/home/andrei/Documents/jhotdraw/jhotdraw-core/src/main/java/org/jhotdraw/draw/action/GroupAction.java
/home/andrei/Documents/jhotdraw/jhotdraw-core/src/main/java/org/jhotdraw/draw/action/ImageBevelBorder.java
/home/andrei/Documents/jhotdraw/jhotdraw-core/src/main/java/org/jhotdraw/draw/action/IncreaseHandleDetailLevelAction.java
/home/andrei/Documents/jhotdraw/jhotdraw-core/src/main/java/org/jhotdraw/draw/action/LineDecorationIcon.java
/home/andrei/Documents/jhotdraw/jhotdraw-core/src/main/java/org/jhotdraw/draw/action/MoveAction.java
/home/andrei/Documents/jhotdraw/jhotdraw-core/src/main/java/org/jhotdraw/draw/action/MoveConstrainedAction.java
/home/andrei/Documents/jhotdraw/jhotdraw-core/src/main/java/org/jhotdraw/draw/action/PickAttributesAction.java
/home/andrei/Documents/jhotdraw/jhotdraw-core/src/main/java/org/jhotdraw/draw/action/SelectSameAction.java
/home/andrei/Documents/jhotdraw/jhotdraw-core/src/main/java/org/jhotdraw/draw/action/SelectionColorChooserAction.java
/home/andrei/Documents/jhotdraw/jhotdraw-core/src/main/java/org/jhotdraw/draw/action/SelectionColorChooserHandler.java
/home/andrei/Documents/jhotdraw/jhotdraw-core/src/main/java/org/jhotdraw/draw/action/SelectionColorIcon.java
/home/andrei/Documents/jhotdraw/jhotdraw-core/src/main/java/org/jhotdraw/draw/action/SendToBackAction.java
/home/andrei/Documents/jhotdraw/jhotdraw-core/src/main/java/org/jhotdraw/draw/action/StrokeIcon.java
/home/andrei/Documents/jhotdraw/jhotdraw-core/src/main/java/org/jhotdraw/draw/action/ToggleGridAction.java
/home/andrei/Documents/jhotdraw/jhotdraw-core/src/main/java/org/jhotdraw/draw/action/UngroupAction.java
/home/andrei/Documents/jhotdraw/jhotdraw-core/src/main/java/org/jhotdraw/draw/action/ZoomAction.java
/home/andrei/Documents/jhotdraw/jhotdraw-core/src/main/java/org/jhotdraw/draw/action/ZoomEditorAction.java
/home/andrei/Documents/jhotdraw/jhotdraw-core/src/main/java/org/jhotdraw/draw/action/package-info.java
/home/andrei/Documents/jhotdraw/jhotdraw-core/src/main/java/org/jhotdraw/draw/connector/AbstractConnector.java
/home/andrei/Documents/jhotdraw/jhotdraw-core/src/main/java/org/jhotdraw/draw/connector/ChopBezierConnector.java
/home/andrei/Documents/jhotdraw/jhotdraw-core/src/main/java/org/jhotdraw/draw/connector/ChopDiamondConnector.java
/home/andrei/Documents/jhotdraw/jhotdraw-core/src/main/java/org/jhotdraw/draw/connector/ChopEllipseConnector.java
/home/andrei/Documents/jhotdraw/jhotdraw-core/src/main/java/org/jhotdraw/draw/connector/ChopRectangleConnector.java
/home/andrei/Documents/jhotdraw/jhotdraw-core/src/main/java/org/jhotdraw/draw/connector/ChopRoundRectangleConnector.java
/home/andrei/Documents/jhotdraw/jhotdraw-core/src/main/java/org/jhotdraw/draw/connector/ChopTriangleConnector.java
/home/andrei/Documents/jhotdraw/jhotdraw-core/src/main/java/org/jhotdraw/draw/connector/Connector.java
/home/andrei/Documents/jhotdraw/jhotdraw-core/src/main/java/org/jhotdraw/draw/connector/LocatorConnector.java
/home/andrei/Documents/jhotdraw/jhotdraw-core/src/main/java/org/jhotdraw/draw/connector/StickyRectangleConnector.java
/home/andrei/Documents/jhotdraw/jhotdraw-core/src/main/java/org/jhotdraw/draw/connector/package-info.java
/home/andrei/Documents/jhotdraw/jhotdraw-core/src/main/java/org/jhotdraw/draw/constrainer/AbstractConstrainer.java
/home/andrei/Documents/jhotdraw/jhotdraw-core/src/main/java/org/jhotdraw/draw/constrainer/AbstractCoordinateConstrainerExtension.java
/home/andrei/Documents/jhotdraw/jhotdraw-core/src/main/java/org/jhotdraw/draw/constrainer/Constrainer.java
/home/andrei/Documents/jhotdraw/jhotdraw-core/src/main/java/org/jhotdraw/draw/constrainer/CoordinateData.java
/home/andrei/Documents/jhotdraw/jhotdraw-core/src/main/java/org/jhotdraw/draw/constrainer/CoordinateDataRangeProvider.java
/home/andrei/Documents/jhotdraw/jhotdraw-core/src/main/java/org/jhotdraw/draw/constrainer/CoordinateDataReceiver.java
/home/andrei/Documents/jhotdraw/jhotdraw-core/src/main/java/org/jhotdraw/draw/constrainer/CoordinateDataSupplier.java
/home/andrei/Documents/jhotdraw/jhotdraw-core/src/main/java/org/jhotdraw/draw/constrainer/GridConstrainer.java
/home/andrei/Documents/jhotdraw/jhotdraw-core/src/main/java/org/jhotdraw/draw/constrainer/RotationDirection.java
/home/andrei/Documents/jhotdraw/jhotdraw-core/src/main/java/org/jhotdraw/draw/constrainer/TranslationDirection.java
/home/andrei/Documents/jhotdraw/jhotdraw-core/src/main/java/org/jhotdraw/draw/decoration/AbstractLineDecoration.java
/home/andrei/Documents/jhotdraw/jhotdraw-core/src/main/java/org/jhotdraw/draw/decoration/ArrowTip.java
/home/andrei/Documents/jhotdraw/jhotdraw-core/src/main/java/org/jhotdraw/draw/decoration/CompositeLineDecoration.java
/home/andrei/Documents/jhotdraw/jhotdraw-core/src/main/java/org/jhotdraw/draw/decoration/GeneralPathTip.java
/home/andrei/Documents/jhotdraw/jhotdraw-core/src/main/java/org/jhotdraw/draw/decoration/LineDecoration.java
/home/andrei/Documents/jhotdraw/jhotdraw-core/src/main/java/org/jhotdraw/draw/decoration/PerpendicularBar.java
/home/andrei/Documents/jhotdraw/jhotdraw-core/src/main/java/org/jhotdraw/draw/decoration/package-info.java
/home/andrei/Documents/jhotdraw/jhotdraw-core/src/main/java/org/jhotdraw/draw/event/AbstractAttributeEditorHandler.java
/home/andrei/Documents/jhotdraw/jhotdraw-core/src/main/java/org/jhotdraw/draw/event/AttributeChangeEdit.java
/home/andrei/Documents/jhotdraw/jhotdraw-core/src/main/java/org/jhotdraw/draw/event/BezierNodeEdit.java
/home/andrei/Documents/jhotdraw/jhotdraw-core/src/main/java/org/jhotdraw/draw/event/CompositeFigureEdit.java
/home/andrei/Documents/jhotdraw/jhotdraw-core/src/main/java/org/jhotdraw/draw/event/CompositeFigureEvent.java
/home/andrei/Documents/jhotdraw/jhotdraw-core/src/main/java/org/jhotdraw/draw/event/CompositeFigureListener.java
/home/andrei/Documents/jhotdraw/jhotdraw-core/src/main/java/org/jhotdraw/draw/event/DrawingAttributeEditorHandler.java
/home/andrei/Documents/jhotdraw/jhotdraw-core/src/main/java/org/jhotdraw/draw/event/DrawingComponentRepainter.java
/home/andrei/Documents/jhotdraw/jhotdraw-core/src/main/java/org/jhotdraw/draw/event/DrawingEvent.java
/home/andrei/Documents/jhotdraw/jhotdraw-core/src/main/java/org/jhotdraw/draw/event/DrawingListener.java
/home/andrei/Documents/jhotdraw/jhotdraw-core/src/main/java/org/jhotdraw/draw/event/DrawingListenerAdapter.java
/home/andrei/Documents/jhotdraw/jhotdraw-core/src/main/java/org/jhotdraw/draw/event/FigureAttributeEditorHandler.java
/home/andrei/Documents/jhotdraw/jhotdraw-core/src/main/java/org/jhotdraw/draw/event/FigureCreatedEvent.java
/home/andrei/Documents/jhotdraw/jhotdraw-core/src/main/java/org/jhotdraw/draw/event/FigureEvent.java
/home/andrei/Documents/jhotdraw/jhotdraw-core/src/main/java/org/jhotdraw/draw/event/FigureListener.java
/home/andrei/Documents/jhotdraw/jhotdraw-core/src/main/java/org/jhotdraw/draw/event/FigureListenerAdapter.java
/home/andrei/Documents/jhotdraw/jhotdraw-core/src/main/java/org/jhotdraw/draw/event/FigureSelectionEvent.java
/home/andrei/Documents/jhotdraw/jhotdraw-core/src/main/java/org/jhotdraw/draw/event/FigureSelectionListener.java
/home/andrei/Documents/jhotdraw/jhotdraw-core/src/main/java/org/jhotdraw/draw/event/HandleEvent.java
/home/andrei/Documents/jhotdraw/jhotdraw-core/src/main/java/org/jhotdraw/draw/event/HandleListener.java
/home/andrei/Documents/jhotdraw/jhotdraw-core/src/main/java/org/jhotdraw/draw/event/HandleMulticaster.java
/home/andrei/Documents/jhotdraw/jhotdraw-core/src/main/java/org/jhotdraw/draw/event/SelectionComponentDisplayer.java
/home/andrei/Documents/jhotdraw/jhotdraw-core/src/main/java/org/jhotdraw/draw/event/SelectionComponentRepainter.java
/home/andrei/Documents/jhotdraw/jhotdraw-core/src/main/java/org/jhotdraw/draw/event/SetBoundsEdit.java
/home/andrei/Documents/jhotdraw/jhotdraw-core/src/main/java/org/jhotdraw/draw/event/ToolAdapter.java
/home/andrei/Documents/jhotdraw/jhotdraw-core/src/main/java/org/jhotdraw/draw/event/ToolEvent.java
/home/andrei/Documents/jhotdraw/jhotdraw-core/src/main/java/org/jhotdraw/draw/event/ToolListener.java
/home/andrei/Documents/jhotdraw/jhotdraw-core/src/main/java/org/jhotdraw/draw/event/TrackingEdit.java
/home/andrei/Documents/jhotdraw/jhotdraw-core/src/main/java/org/jhotdraw/draw/event/TransformEdit.java
/home/andrei/Documents/jhotdraw/jhotdraw-core/src/main/java/org/jhotdraw/draw/event/TransformRestoreEdit.java
/home/andrei/Documents/jhotdraw/jhotdraw-core/src/main/java/org/jhotdraw/draw/event/package-info.java
/home/andrei/Documents/jhotdraw/jhotdraw-core/src/main/java/org/jhotdraw/draw/figure/AbstractAttributedCompositeFigure.java
/home/andrei/Documents/jhotdraw/jhotdraw-core/src/main/java/org/jhotdraw/draw/figure/AbstractAttributedDecoratedFigure.java
/home/andrei/Documents/jhotdraw/jhotdraw-core/src/main/java/org/jhotdraw/draw/figure/AbstractAttributedFigure.java
/home/andrei/Documents/jhotdraw/jhotdraw-core/src/main/java/org/jhotdraw/draw/figure/AttributeProvider.java
/home/andrei/Documents/jhotdraw/jhotdraw-core/src/main/java/org/jhotdraw/draw/figure/Attributes.java
/home/andrei/Documents/jhotdraw/jhotdraw-core/src/main/java/org/jhotdraw/draw/figure/BezierFigure.java
/home/andrei/Documents/jhotdraw/jhotdraw-core/src/main/java/org/jhotdraw/draw/figure/CompositeFigure.java
/home/andrei/Documents/jhotdraw/jhotdraw-core/src/main/java/org/jhotdraw/draw/figure/ConnectionFigure.java
/home/andrei/Documents/jhotdraw/jhotdraw-core/src/main/java/org/jhotdraw/draw/figure/DecoratedFigure.java
/home/andrei/Documents/jhotdraw/jhotdraw-core/src/main/java/org/jhotdraw/draw/figure/DiamondFigure.java
/home/andrei/Documents/jhotdraw/jhotdraw-core/src/main/java/org/jhotdraw/draw/figure/EllipseFigure.java
/home/andrei/Documents/jhotdraw/jhotdraw-core/src/main/java/org/jhotdraw/draw/figure/Figure.java
/home/andrei/Documents/jhotdraw/jhotdraw-core/src/main/java/org/jhotdraw/draw/figure/GraphicalCompositeFigure.java
/home/andrei/Documents/jhotdraw/jhotdraw-core/src/main/java/org/jhotdraw/draw/figure/GroupFigure.java
/home/andrei/Documents/jhotdraw/jhotdraw-core/src/main/java/org/jhotdraw/draw/figure/ImageFigure.java
/home/andrei/Documents/jhotdraw/jhotdraw-core/src/main/java/org/jhotdraw/draw/figure/ImageHolderFigure.java
/home/andrei/Documents/jhotdraw/jhotdraw-core/src/main/java/org/jhotdraw/draw/figure/LabelFigure.java
/home/andrei/Documents/jhotdraw/jhotdraw-core/src/main/java/org/jhotdraw/draw/figure/LabeledLineConnectionFigure.java
/home/andrei/Documents/jhotdraw/jhotdraw-core/src/main/java/org/jhotdraw/draw/figure/LineConnectionFigure.java
/home/andrei/Documents/jhotdraw/jhotdraw-core/src/main/java/org/jhotdraw/draw/figure/LineFigure.java
/home/andrei/Documents/jhotdraw/jhotdraw-core/src/main/java/org/jhotdraw/draw/figure/ListFigure.java
/home/andrei/Documents/jhotdraw/jhotdraw-core/src/main/java/org/jhotdraw/draw/figure/Origin.java
/home/andrei/Documents/jhotdraw/jhotdraw-core/src/main/java/org/jhotdraw/draw/figure/Path2DFigure.java
/home/andrei/Documents/jhotdraw/jhotdraw-core/src/main/java/org/jhotdraw/draw/figure/QuadTreeCompositeFigure.java
/home/andrei/Documents/jhotdraw/jhotdraw-core/src/main/java/org/jhotdraw/draw/figure/RectangleFigure.java
/home/andrei/Documents/jhotdraw/jhotdraw-core/src/main/java/org/jhotdraw/draw/figure/Rotation.java
/home/andrei/Documents/jhotdraw/jhotdraw-core/src/main/java/org/jhotdraw/draw/figure/RoundRectangleFigure.java
/home/andrei/Documents/jhotdraw/jhotdraw-core/src/main/java/org/jhotdraw/draw/figure/TextAreaFigure.java
/home/andrei/Documents/jhotdraw/jhotdraw-core/src/main/java/org/jhotdraw/draw/figure/TextFigure.java
/home/andrei/Documents/jhotdraw/jhotdraw-core/src/main/java/org/jhotdraw/draw/figure/TextHolderFigure.java
/home/andrei/Documents/jhotdraw/jhotdraw-core/src/main/java/org/jhotdraw/draw/figure/TriangleFigure.java
/home/andrei/Documents/jhotdraw/jhotdraw-core/src/main/java/org/jhotdraw/draw/handle/AbstractConnectionHandle.java
/home/andrei/Documents/jhotdraw/jhotdraw-core/src/main/java/org/jhotdraw/draw/handle/AbstractHandle.java
/home/andrei/Documents/jhotdraw/jhotdraw-core/src/main/java/org/jhotdraw/draw/handle/AbstractRotateHandle.java
/home/andrei/Documents/jhotdraw/jhotdraw-core/src/main/java/org/jhotdraw/draw/handle/BezierControlPointHandle.java
/home/andrei/Documents/jhotdraw/jhotdraw-core/src/main/java/org/jhotdraw/draw/handle/BezierNodeHandle.java
/home/andrei/Documents/jhotdraw/jhotdraw-core/src/main/java/org/jhotdraw/draw/handle/BezierOutlineHandle.java
/home/andrei/Documents/jhotdraw/jhotdraw-core/src/main/java/org/jhotdraw/draw/handle/BezierScaleHandle.java
/home/andrei/Documents/jhotdraw/jhotdraw-core/src/main/java/org/jhotdraw/draw/handle/BoundsOutlineHandle.java
/home/andrei/Documents/jhotdraw/jhotdraw-core/src/main/java/org/jhotdraw/draw/handle/CloseHandle.java
/home/andrei/Documents/jhotdraw/jhotdraw-core/src/main/java/org/jhotdraw/draw/handle/ConnectionEndHandle.java
/home/andrei/Documents/jhotdraw/jhotdraw-core/src/main/java/org/jhotdraw/draw/handle/ConnectionStartHandle.java
/home/andrei/Documents/jhotdraw/jhotdraw-core/src/main/java/org/jhotdraw/draw/handle/ConnectorHandle.java
/home/andrei/Documents/jhotdraw/jhotdraw-core/src/main/java/org/jhotdraw/draw/handle/DragHandle.java
/home/andrei/Documents/jhotdraw/jhotdraw-core/src/main/java/org/jhotdraw/draw/handle/FontSizeHandle.java
/home/andrei/Documents/jhotdraw/jhotdraw-core/src/main/java/org/jhotdraw/draw/handle/Handle.java
/home/andrei/Documents/jhotdraw/jhotdraw-core/src/main/java/org/jhotdraw/draw/handle/HandleAttributeKeys.java
/home/andrei/Documents/jhotdraw/jhotdraw-core/src/main/java/org/jhotdraw/draw/handle/LocatorHandle.java
/home/andrei/Documents/jhotdraw/jhotdraw-core/src/main/java/org/jhotdraw/draw/handle/MoveHandle.java
/home/andrei/Documents/jhotdraw/jhotdraw-core/src/main/java/org/jhotdraw/draw/handle/NullHandle.java
/home/andrei/Documents/jhotdraw/jhotdraw-core/src/main/java/org/jhotdraw/draw/handle/OrientationHandle.java
/home/andrei/Documents/jhotdraw/jhotdraw-core/src/main/java/org/jhotdraw/draw/handle/ResizeHandleKit.java
/home/andrei/Documents/jhotdraw/jhotdraw-core/src/main/java/org/jhotdraw/draw/handle/RotateHandle.java
/home/andrei/Documents/jhotdraw/jhotdraw-core/src/main/java/org/jhotdraw/draw/handle/RoundRectangleRadiusHandle.java
/home/andrei/Documents/jhotdraw/jhotdraw-core/src/main/java/org/jhotdraw/draw/handle/TextOverflowHandle.java
/home/andrei/Documents/jhotdraw/jhotdraw-core/src/main/java/org/jhotdraw/draw/handle/TrackingHandle.java
/home/andrei/Documents/jhotdraw/jhotdraw-core/src/main/java/org/jhotdraw/draw/handle/TransformHandleKit.java
/home/andrei/Documents/jhotdraw/jhotdraw-core/src/main/java/org/jhotdraw/draw/handle/package-info.java
/home/andrei/Documents/jhotdraw/jhotdraw-core/src/main/java/org/jhotdraw/draw/io/DefaultDrawingViewTransferHandler.java
/home/andrei/Documents/jhotdraw/jhotdraw-core/src/main/java/org/jhotdraw/draw/io/DrawingViewProvider.java
/home/andrei/Documents/jhotdraw/jhotdraw-core/src/main/java/org/jhotdraw/draw/io/InputFormat.java
/home/andrei/Documents/jhotdraw/jhotdraw-core/src/main/java/org/jhotdraw/draw/io/OutputFormat.java
/home/andrei/Documents/jhotdraw/jhotdraw-core/src/main/java/org/jhotdraw/draw/io/package-info.java
/home/andrei/Documents/jhotdraw/jhotdraw-core/src/main/java/org/jhotdraw/draw/layouter/AbstractLayouter.java
/home/andrei/Documents/jhotdraw/jhotdraw-core/src/main/java/org/jhotdraw/draw/layouter/HorizontalLayouter.java
/home/andrei/Documents/jhotdraw/jhotdraw-core/src/main/java/org/jhotdraw/draw/layouter/Layouter.java
/home/andrei/Documents/jhotdraw/jhotdraw-core/src/main/java/org/jhotdraw/draw/layouter/LocatorLayouter.java
/home/andrei/Documents/jhotdraw/jhotdraw-core/src/main/java/org/jhotdraw/draw/layouter/VerticalLayouter.java
/home/andrei/Documents/jhotdraw/jhotdraw-core/src/main/java/org/jhotdraw/draw/layouter/package-info.java
/home/andrei/Documents/jhotdraw/jhotdraw-core/src/main/java/org/jhotdraw/draw/liner/CurvedLiner.java
/home/andrei/Documents/jhotdraw/jhotdraw-core/src/main/java/org/jhotdraw/draw/liner/ElbowLiner.java
/home/andrei/Documents/jhotdraw/jhotdraw-core/src/main/java/org/jhotdraw/draw/liner/Liner.java
/home/andrei/Documents/jhotdraw/jhotdraw-core/src/main/java/org/jhotdraw/draw/liner/SlantedLiner.java
/home/andrei/Documents/jhotdraw/jhotdraw-core/src/main/java/org/jhotdraw/draw/liner/package-info.java
/home/andrei/Documents/jhotdraw/jhotdraw-core/src/main/java/org/jhotdraw/draw/locator/AbstractLocator.java
/home/andrei/Documents/jhotdraw/jhotdraw-core/src/main/java/org/jhotdraw/draw/locator/BezierLabelLocator.java
/home/andrei/Documents/jhotdraw/jhotdraw-core/src/main/java/org/jhotdraw/draw/locator/BezierPointLocator.java
/home/andrei/Documents/jhotdraw/jhotdraw-core/src/main/java/org/jhotdraw/draw/locator/FontSizeLocator.java
/home/andrei/Documents/jhotdraw/jhotdraw-core/src/main/java/org/jhotdraw/draw/locator/LinearLabelLocator.java
/home/andrei/Documents/jhotdraw/jhotdraw-core/src/main/java/org/jhotdraw/draw/locator/LinearLocatorBase.java
/home/andrei/Documents/jhotdraw/jhotdraw-core/src/main/java/org/jhotdraw/draw/locator/Locator.java
/home/andrei/Documents/jhotdraw/jhotdraw-core/src/main/java/org/jhotdraw/draw/locator/RelativeDecoratorLocator.java
/home/andrei/Documents/jhotdraw/jhotdraw-core/src/main/java/org/jhotdraw/draw/locator/RelativeLocator.java
/home/andrei/Documents/jhotdraw/jhotdraw-core/src/main/java/org/jhotdraw/draw/locator/package-info.java
/home/andrei/Documents/jhotdraw/jhotdraw-core/src/main/java/org/jhotdraw/draw/package-info.java
/home/andrei/Documents/jhotdraw/jhotdraw-core/src/main/java/org/jhotdraw/draw/print/DrawingPageable.java
/home/andrei/Documents/jhotdraw/jhotdraw-core/src/main/java/org/jhotdraw/draw/print/package-info.java
/home/andrei/Documents/jhotdraw/jhotdraw-core/src/main/java/org/jhotdraw/draw/text/FloatingTextArea.java
/home/andrei/Documents/jhotdraw/jhotdraw-core/src/main/java/org/jhotdraw/draw/text/FloatingTextField.java
/home/andrei/Documents/jhotdraw/jhotdraw-core/src/main/java/org/jhotdraw/draw/text/package-info.java
/home/andrei/Documents/jhotdraw/jhotdraw-core/src/main/java/org/jhotdraw/draw/tool/AbstractTool.java
/home/andrei/Documents/jhotdraw/jhotdraw-core/src/main/java/org/jhotdraw/draw/tool/BezierTool.java
/home/andrei/Documents/jhotdraw/jhotdraw-core/src/main/java/org/jhotdraw/draw/tool/ConnectionTool.java
/home/andrei/Documents/jhotdraw/jhotdraw-core/src/main/java/org/jhotdraw/draw/tool/CreationTool.java
/home/andrei/Documents/jhotdraw/jhotdraw-core/src/main/java/org/jhotdraw/draw/tool/DefaultDragTracker.java
/home/andrei/Documents/jhotdraw/jhotdraw-core/src/main/java/org/jhotdraw/draw/tool/DefaultHandleTracker.java
/home/andrei/Documents/jhotdraw/jhotdraw-core/src/main/java/org/jhotdraw/draw/tool/DefaultSelectAreaTracker.java
/home/andrei/Documents/jhotdraw/jhotdraw-core/src/main/java/org/jhotdraw/draw/tool/DelegationSelectionTool.java
/home/andrei/Documents/jhotdraw/jhotdraw-core/src/main/java/org/jhotdraw/draw/tool/DnDTracker.java
/home/andrei/Documents/jhotdraw/jhotdraw-core/src/main/java/org/jhotdraw/draw/tool/DragTracker.java
/home/andrei/Documents/jhotdraw/jhotdraw-core/src/main/java/org/jhotdraw/draw/tool/HandleTracker.java
/home/andrei/Documents/jhotdraw/jhotdraw-core/src/main/java/org/jhotdraw/draw/tool/ImageTool.java
/home/andrei/Documents/jhotdraw/jhotdraw-core/src/main/java/org/jhotdraw/draw/tool/SelectAreaTracker.java
/home/andrei/Documents/jhotdraw/jhotdraw-core/src/main/java/org/jhotdraw/draw/tool/SelectionTool.java
/home/andrei/Documents/jhotdraw/jhotdraw-core/src/main/java/org/jhotdraw/draw/tool/TextAreaCreationTool.java
/home/andrei/Documents/jhotdraw/jhotdraw-core/src/main/java/org/jhotdraw/draw/tool/TextAreaEditingTool.java
/home/andrei/Documents/jhotdraw/jhotdraw-core/src/main/java/org/jhotdraw/draw/tool/TextCreationTool.java
/home/andrei/Documents/jhotdraw/jhotdraw-core/src/main/java/org/jhotdraw/draw/tool/TextEditingTool.java
/home/andrei/Documents/jhotdraw/jhotdraw-core/src/main/java/org/jhotdraw/draw/tool/Tool.java
/home/andrei/Documents/jhotdraw/jhotdraw-core/src/main/java/org/jhotdraw/draw/tool/package-info.java
